// Jest Snapshot v1, https://goo.gl/fbAQLP

exports[`Test if Header component is rendered correctly 1`] = `
<div>
  <h1>
    My Business
  </h1>
  <NavLink
    activeClassName="isActive"
    exact={true}
    to="/"
  >
    Home
  </NavLink>
  <NavLink
    activeClassName="isActive"
    to="/orders"
  >
    Orders
  </NavLink>
  <NavLink
    activeClassName="isActive"
    to="/products"
  >
    Products
  </NavLink>
  <NavLink
    activeClassName="isActive"
    to="/contacts"
  >
    Contacts
  </NavLink>
</div>
`;
